=== capture historical provisioning-failure evidence (H3) ===
2026-07-19T17:16:48Z
--- GKE operations (create attempts) ---
TYPE            TARGET        STATUS  STATUS_MESSAGE                                                                                                                                                                                                                                                                                                                                                                                START_TIME
CREATE_CLUSTER  spike-cnpg    DONE    Google Compute Engine: Not all instances running in IGM after 35m5.506590679s. Expected 1, running 0, transitioning 1. Current errors: [GCE_STOCKOUT]: Instance 'gke-spike-cnpg-default-pool-932ba3ca-kww9' creation failed: The zone 'projects/steloit-dev/zones/us-central1-a' does not have enough resources available to fulfill the request.  Try a different zone, or try again later.  2026-07-19T15:08:00.717913013Z
CREATE_CLUSTER  spike-db      DONE    Google Compute Engine: Not all instances running in IGM after 35m6.931709486s. Expected 1, running 0, transitioning 1. Current errors: [GCE_STOCKOUT]: Instance 'gke-spike-db-default-pool-5f80d686-645d' creation failed: The zone 'projects/steloit-dev/zones/us-central1-a' does not have enough resources available to fulfill the request.  Try a different zone, or try again later.    2026-07-19T15:33:44.121424001Z
CREATE_CLUSTER  spike-e2      DONE                                                                                                                                                                                                                                                                                                                                                                                                  2026-07-19T15:45:20.609480824Z
DELETE_CLUSTER  spike-cnpg    DONE                                                                                                                                                                                                                                                                                                                                                                                                  2026-07-19T15:51:13.626565432Z
UPDATE_CLUSTER  spike-e2      DONE                                                                                                                                                                                                                                                                                                                                                                                                  2026-07-19T15:54:35.326064998Z
UPDATE_CLUSTER  spike-e2      DONE                                                                                                                                                                                                                                                                                                                                                                                                  2026-07-19T15:55:23.78536559Z
UPGRADE_NODES   default-pool  DONE                                                                                                                                                                                                                                                                                                                                                                                                  2026-07-19T16:04:16.576383172Z
DELETE_CLUSTER  spike-e2      DONE                                                                                                                                                                                                                                                                                                                                                                                                  2026-07-19T16:57:37.124980972Z
DELETE_CLUSTER  spike-db      DONE                                                                                                                                                                                                                                                                                                                                                                                                  2026-07-19T16:57:39.776630412Z
--- compute insert errors (ZONE_RESOURCE_POOL_EXHAUSTED) ---
insert	gke-spike-cnpg-default-pool-932ba3ca-kww9	ZONE_RESOURCE_POOL_EXHAUSTED	The zone 'projects/steloit-dev/zones/us-central1-a' does not have enough resources available to fulfill the request.  Try a different zone, or try again later.
insert	gke-spike-cnpg-default-pool-932ba3ca-kww9	ZONE_RESOURCE_POOL_EXHAUSTED	The zone 'projects/steloit-dev/zones/us-central1-a' does not have enough resources available to fulfill the request.  Try a different zone, or try again later.
insert	gke-spike-cnpg-default-pool-932ba3ca-kww9	ZONE_RESOURCE_POOL_EXHAUSTED	The zone 'projects/steloit-dev/zones/us-central1-a' does not have enough resources available to fulfill the request.  Try a different zone, or try again later.
insert	gke-spike-cnpg-default-pool-932ba3ca-kww9	ZONE_RESOURCE_POOL_EXHAUSTED	The zone 'projects/steloit-dev/zones/us-central1-a' does not have enough resources available to fulfill the request.  Try a different zone, or try again later.
insert	gke-spike-cnpg-default-pool-932ba3ca-kww9	ZONE_RESOURCE_POOL_EXHAUSTED	The zone 'projects/steloit-dev/zones/us-central1-a' does not have enough resources available to fulfill the request.  Try a different zone, or try again later.
insert	gke-spike-cnpg-default-pool-932ba3ca-kww9	ZONE_RESOURCE_POOL_EXHAUSTED	The zone 'projects/steloit-dev/zones/us-central1-a' does not have enough resources available to fulfill the request.  Try a different zone, or try again later.
insert	gke-spike-cnpg-default-pool-932ba3ca-kww9	ZONE_RESOURCE_POOL_EXHAUSTED	The zone 'projects/steloit-dev/zones/us-central1-a' does not have enough resources available to fulfill the request.  Try a different zone, or try again later.
insert	gke-spike-db-default-pool-5f80d686-645d	ZONE_RESOURCE_POOL_EXHAUSTED	The zone 'projects/steloit-dev/zones/us-central1-a' does not have enough resources available to fulfill the request.  Try a different zone, or try again later.
insert	gke-spike-db-default-pool-5f80d686-645d	ZONE_RESOURCE_POOL_EXHAUSTED	The zone 'projects/steloit-dev/zones/us-central1-a' does not have enough resources available to fulfill the request.  Try a different zone, or try again later.
insert	gke-spike-db-default-pool-5f80d686-645d	ZONE_RESOURCE_POOL_EXHAUSTED	The zone 'projects/steloit-dev/zones/us-central1-a' does not have enough resources available to fulfill the request.  Try a different zone, or try again later.
insert	gke-spike-db-default-pool-5f80d686-645d	ZONE_RESOURCE_POOL_EXHAUSTED	The zone 'projects/steloit-dev/zones/us-central1-a' does not have enough resources available to fulfill the request.  Try a different zone, or try again later.
insert	gke-spike-cnpg-default-pool-932ba3ca-kww9	ZONE_RESOURCE_POOL_EXHAUSTED	The zone 'projects/steloit-dev/zones/us-central1-a' does not have enough resources available to fulfill the request.  Try a different zone, or try again later.
--- local-SSD constraint note: e2 family cannot attach local SSD (attempt 3 foreclosed the ZFS path) ---
